[run_for_report] Scenario A (5 km radius, 3 regions): urban_suburban_01, urban_suburban_02, urban_suburban_03
  [setup]    discovering terrain tiles
  [setup]    registering 2 terrain tile(s)
[Terrain] "galuboy_terrain" cache reused (/Users/lev/galuboy-sim/terrain_cache/galuboy_terrain)
  [setup]    starting parallel pool
Starting parallel pool (parpool) using the 'Processes' profile ...
Connected to parallel pool with 8 workers.
  [region]   1/3 - region 1/3 (urban_suburban_01)
  [rotation] 1/3  rot 1/18 - region 1/3  rotation 1/18  (avail=98.3%)
  [rotation] 1/3  rot 2/18 - region 1/3  rotation 2/18  (avail=98.3%)
  [rotation] 1/3  rot 3/18 - region 1/3  rotation 3/18  (avail=100.0%)
  [rotation] 1/3  rot 4/18 - region 1/3  rotation 4/18  (avail=98.3%)
  [rotation] 1/3  rot 5/18 - region 1/3  rotation 5/18  (avail=100.0%)
  [rotation] 1/3  rot 6/18 - region 1/3  rotation 6/18  (avail=100.0%)
  [rotation] 1/3  rot 7/18 - region 1/3  rotation 7/18  (avail=98.3%)
  [rotation] 1/3  rot 8/18 - region 1/3  rotation 8/18  (avail=98.3%)
  [rotation] 1/3  rot 9/18 - region 1/3  rotation 9/18  (avail=100.0%)
  [rotation] 1/3  rot 10/18 - region 1/3  rotation 10/18  (avail=96.7%)
  [rotation] 1/3  rot 11/18 - region 1/3  rotation 11/18  (avail=98.3%)
  [rotation] 1/3  rot 12/18 - region 1/3  rotation 12/18  (avail=98.3%)
  [rotation] 1/3  rot 13/18 - region 1/3  rotation 13/18  (avail=98.3%)
  [rotation] 1/3  rot 14/18 - region 1/3  rotation 14/18  (avail=98.3%)
  [rotation] 1/3  rot 15/18 - region 1/3  rotation 15/18  (avail=100.0%)
  [rotation] 1/3  rot 16/18 - region 1/3  rotation 16/18  (avail=100.0%)
  [rotation] 1/3  rot 17/18 - region 1/3  rotation 17/18  (avail=95.0%)
  [rotation] 1/3  rot 18/18 - region 1/3  rotation 18/18  (avail=100.0%)
  [region]   2/3 - region 2/3 (urban_suburban_02)
  [rotation] 2/3  rot 1/18 - region 2/3  rotation 1/18  (avail=98.3%)
  [rotation] 2/3  rot 2/18 - region 2/3  rotation 2/18  (avail=98.3%)
  [rotation] 2/3  rot 3/18 - region 2/3  rotation 3/18  (avail=100.0%)
  [rotation] 2/3  rot 4/18 - region 2/3  rotation 4/18  (avail=98.3%)
  [rotation] 2/3  rot 5/18 - region 2/3  rotation 5/18  (avail=98.3%)
  [rotation] 2/3  rot 6/18 - region 2/3  rotation 6/18  (avail=98.3%)
  [rotation] 2/3  rot 7/18 - region 2/3  rotation 7/18  (avail=96.7%)
  [rotation] 2/3  rot 8/18 - region 2/3  rotation 8/18  (avail=98.3%)
  [rotation] 2/3  rot 9/18 - region 2/3  rotation 9/18  (avail=100.0%)
  [rotation] 2/3  rot 10/18 - region 2/3  rotation 10/18  (avail=100.0%)
  [rotation] 2/3  rot 11/18 - region 2/3  rotation 11/18  (avail=100.0%)
  [rotation] 2/3  rot 12/18 - region 2/3  rotation 12/18  (avail=100.0%)
  [rotation] 2/3  rot 13/18 - region 2/3  rotation 13/18  (avail=98.3%)
  [rotation] 2/3  rot 14/18 - region 2/3  rotation 14/18  (avail=98.3%)
  [rotation] 2/3  rot 15/18 - region 2/3  rotation 15/18  (avail=95.0%)
  [rotation] 2/3  rot 16/18 - region 2/3  rotation 16/18  (avail=96.7%)
  [rotation] 2/3  rot 17/18 - region 2/3  rotation 17/18  (avail=100.0%)
  [rotation] 2/3  rot 18/18 - region 2/3  rotation 18/18  (avail=96.7%)
  [region]   3/3 - region 3/3 (urban_suburban_03)
  [rotation] 3/3  rot 1/18 - region 3/3  rotation 1/18  (avail=100.0%)
  [rotation] 3/3  rot 2/18 - region 3/3  rotation 2/18  (avail=100.0%)
  [rotation] 3/3  rot 3/18 - region 3/3  rotation 3/18  (avail=100.0%)
  [rotation] 3/3  rot 4/18 - region 3/3  rotation 4/18  (avail=100.0%)
  [rotation] 3/3  rot 5/18 - region 3/3  rotation 5/18  (avail=98.3%)
  [rotation] 3/3  rot 6/18 - region 3/3  rotation 6/18  (avail=98.3%)
  [rotation] 3/3  rot 7/18 - region 3/3  rotation 7/18  (avail=100.0%)
  [rotation] 3/3  rot 8/18 - region 3/3  rotation 8/18  (avail=98.3%)
  [rotation] 3/3  rot 9/18 - region 3/3  rotation 9/18  (avail=100.0%)
  [rotation] 3/3  rot 10/18 - region 3/3  rotation 10/18  (avail=100.0%)
  [rotation] 3/3  rot 11/18 - region 3/3  rotation 11/18  (avail=100.0%)
  [rotation] 3/3  rot 12/18 - region 3/3  rotation 12/18  (avail=98.3%)
  [rotation] 3/3  rot 13/18 - region 3/3  rotation 13/18  (avail=98.3%)
  [rotation] 3/3  rot 14/18 - region 3/3  rotation 14/18  (avail=100.0%)
  [rotation] 3/3  rot 15/18 - region 3/3  rotation 15/18  (avail=100.0%)
  [rotation] 3/3  rot 16/18 - region 3/3  rotation 16/18  (avail=100.0%)
  [rotation] 3/3  rot 17/18 - region 3/3  rotation 17/18  (avail=100.0%)
  [rotation] 3/3  rot 18/18 - region 3/3  rotation 18/18  (avail=100.0%)
  [done]     saved /Users/lev/galuboy-sim/results/scenario_20260512_151237.mat
[run_for_report] Scenario A elapsed: 0.8 min
[run_for_report] Scenario B (10 km radius, 4 regions): forest_01, mountain_01, mountain_02, rural_open_01
  [setup]    discovering terrain tiles
  [setup]    registering 2 terrain tile(s)
[Terrain] "galuboy_terrain" cache reused (/Users/lev/galuboy-sim/terrain_cache/galuboy_terrain)
  [region]   1/4 - region 1/4 (forest_01)
  [rotation] 1/4  rot 1/18 - region 1/4  rotation 1/18  (avail=61.7%)
  [rotation] 1/4  rot 2/18 - region 1/4  rotation 2/18  (avail=70.0%)
  [rotation] 1/4  rot 3/18 - region 1/4  rotation 3/18  (avail=63.3%)
  [rotation] 1/4  rot 4/18 - region 1/4  rotation 4/18  (avail=63.3%)
  [rotation] 1/4  rot 5/18 - region 1/4  rotation 5/18  (avail=73.3%)
  [rotation] 1/4  rot 6/18 - region 1/4  rotation 6/18  (avail=71.7%)
  [rotation] 1/4  rot 7/18 - region 1/4  rotation 7/18  (avail=60.0%)
  [rotation] 1/4  rot 8/18 - region 1/4  rotation 8/18  (avail=71.7%)
  [rotation] 1/4  rot 9/18 - region 1/4  rotation 9/18  (avail=63.3%)
  [rotation] 1/4  rot 10/18 - region 1/4  rotation 10/18  (avail=76.7%)
  [rotation] 1/4  rot 11/18 - region 1/4  rotation 11/18  (avail=65.0%)
  [rotation] 1/4  rot 12/18 - region 1/4  rotation 12/18  (avail=60.0%)
  [rotation] 1/4  rot 13/18 - region 1/4  rotation 13/18  (avail=68.3%)
  [rotation] 1/4  rot 14/18 - region 1/4  rotation 14/18  (avail=65.0%)
  [rotation] 1/4  rot 15/18 - region 1/4  rotation 15/18  (avail=70.0%)
  [rotation] 1/4  rot 16/18 - region 1/4  rotation 16/18  (avail=78.3%)
  [rotation] 1/4  rot 17/18 - region 1/4  rotation 17/18  (avail=70.0%)
  [rotation] 1/4  rot 18/18 - region 1/4  rotation 18/18  (avail=61.7%)
  [region]   2/4 - region 2/4 (mountain_01)
  [rotation] 2/4  rot 1/18 - region 2/4  rotation 1/18  (avail=61.7%)
  [rotation] 2/4  rot 2/18 - region 2/4  rotation 2/18  (avail=73.3%)
  [rotation] 2/4  rot 3/18 - region 2/4  rotation 3/18  (avail=66.7%)
  [rotation] 2/4  rot 4/18 - region 2/4  rotation 4/18  (avail=61.7%)
  [rotation] 2/4  rot 5/18 - region 2/4  rotation 5/18  (avail=73.3%)
  [rotation] 2/4  rot 6/18 - region 2/4  rotation 6/18  (avail=66.7%)
  [rotation] 2/4  rot 7/18 - region 2/4  rotation 7/18  (avail=70.0%)
  [rotation] 2/4  rot 8/18 - region 2/4  rotation 8/18  (avail=65.0%)
  [rotation] 2/4  rot 9/18 - region 2/4  rotation 9/18  (avail=60.0%)
  [rotation] 2/4  rot 10/18 - region 2/4  rotation 10/18  (avail=66.7%)
  [rotation] 2/4  rot 11/18 - region 2/4  rotation 11/18  (avail=61.7%)
  [rotation] 2/4  rot 12/18 - region 2/4  rotation 12/18  (avail=70.0%)
  [rotation] 2/4  rot 13/18 - region 2/4  rotation 13/18  (avail=53.3%)
  [rotation] 2/4  rot 14/18 - region 2/4  rotation 14/18  (avail=50.0%)
  [rotation] 2/4  rot 15/18 - region 2/4  rotation 15/18  (avail=68.3%)
  [rotation] 2/4  rot 16/18 - region 2/4  rotation 16/18  (avail=53.3%)
  [rotation] 2/4  rot 17/18 - region 2/4  rotation 17/18  (avail=58.3%)
  [rotation] 2/4  rot 18/18 - region 2/4  rotation 18/18  (avail=65.0%)
  [region]   3/4 - region 3/4 (mountain_02)
  [rotation] 3/4  rot 1/18 - region 3/4  rotation 1/18  (avail=61.7%)
  [rotation] 3/4  rot 2/18 - region 3/4  rotation 2/18  (avail=70.0%)
  [rotation] 3/4  rot 3/18 - region 3/4  rotation 3/18  (avail=60.0%)
  [rotation] 3/4  rot 4/18 - region 3/4  rotation 4/18  (avail=66.7%)
  [rotation] 3/4  rot 5/18 - region 3/4  rotation 5/18  (avail=68.3%)
  [rotation] 3/4  rot 6/18 - region 3/4  rotation 6/18  (avail=61.7%)
  [rotation] 3/4  rot 7/18 - region 3/4  rotation 7/18  (avail=70.0%)
  [rotation] 3/4  rot 8/18 - region 3/4  rotation 8/18  (avail=70.0%)
  [rotation] 3/4  rot 9/18 - region 3/4  rotation 9/18  (avail=75.0%)
  [rotation] 3/4  rot 10/18 - region 3/4  rotation 10/18  (avail=68.3%)
  [rotation] 3/4  rot 11/18 - region 3/4  rotation 11/18  (avail=63.3%)
  [rotation] 3/4  rot 12/18 - region 3/4  rotation 12/18  (avail=66.7%)
  [rotation] 3/4  rot 13/18 - region 3/4  rotation 13/18  (avail=65.0%)
  [rotation] 3/4  rot 14/18 - region 3/4  rotation 14/18  (avail=70.0%)
  [rotation] 3/4  rot 15/18 - region 3/4  rotation 15/18  (avail=71.7%)
  [rotation] 3/4  rot 16/18 - region 3/4  rotation 16/18  (avail=70.0%)
  [rotation] 3/4  rot 17/18 - region 3/4  rotation 17/18  (avail=68.3%)
  [rotation] 3/4  rot 18/18 - region 3/4  rotation 18/18  (avail=65.0%)
  [region]   4/4 - region 4/4 (rural_open_01)
  [rotation] 4/4  rot 1/18 - region 4/4  rotation 1/18  (avail=65.0%)
  [rotation] 4/4  rot 2/18 - region 4/4  rotation 2/18  (avail=75.0%)
  [rotation] 4/4  rot 3/18 - region 4/4  rotation 3/18  (avail=70.0%)
  [rotation] 4/4  rot 4/18 - region 4/4  rotation 4/18  (avail=75.0%)
  [rotation] 4/4  rot 5/18 - region 4/4  rotation 5/18  (avail=71.7%)
  [rotation] 4/4  rot 6/18 - region 4/4  rotation 6/18  (avail=63.3%)
  [rotation] 4/4  rot 7/18 - region 4/4  rotation 7/18  (avail=68.3%)
  [rotation] 4/4  rot 8/18 - region 4/4  rotation 8/18  (avail=66.7%)
  [rotation] 4/4  rot 9/18 - region 4/4  rotation 9/18  (avail=68.3%)
  [rotation] 4/4  rot 10/18 - region 4/4  rotation 10/18  (avail=66.7%)
  [rotation] 4/4  rot 11/18 - region 4/4  rotation 11/18  (avail=65.0%)
  [rotation] 4/4  rot 12/18 - region 4/4  rotation 12/18  (avail=66.7%)
  [rotation] 4/4  rot 13/18 - region 4/4  rotation 13/18  (avail=66.7%)
  [rotation] 4/4  rot 14/18 - region 4/4  rotation 14/18  (avail=51.7%)
  [rotation] 4/4  rot 15/18 - region 4/4  rotation 15/18  (avail=65.0%)
  [rotation] 4/4  rot 16/18 - region 4/4  rotation 16/18  (avail=70.0%)
  [rotation] 4/4  rot 17/18 - region 4/4  rotation 17/18  (avail=66.7%)
  [rotation] 4/4  rot 18/18 - region 4/4  rotation 18/18  (avail=68.3%)
  [done]     saved /Users/lev/galuboy-sim/results/scenario_20260512_152531.mat
[run_for_report] Scenario B elapsed: 12.9 min
[run_for_report] Saved /Users/lev/galuboy-sim/results/report_run.mat  (n_regions = 7)
